  Determining projects to restore...
  All projects are up-to-date for restore.
  SSS.Domain -> D:\CSHARP\studysense-backend\src\SSS.Domain\bin\Debug\net8.0\SSS.Domain.dll
D:\CSHARP\studysense-backend\src\SSS.Application\Features\AI\Chat\GetConversations\GetConversationsHandler.cs(3,46): error CS0234: The type or namespace name 'Current' does not exist in the namespace 'SSS.Application.Abstractions.Sercurity' (are you missing an assembly reference?) [D:\CSHARP\studysense-backend\src\SSS.Application\SSS.Application.csproj]
D:\CSHARP\studysense-backend\src\SSS.Application\Features\AI\Chat\SendMessage\SendMessageHandler.cs(7,46): error CS0234: The type or namespace name 'Current' does not exist in the namespace 'SSS.Application.Abstractions.Sercurity' (are you missing an assembly reference?) [D:\CSHARP\studysense-backend\src\SSS.Application\SSS.Application.csproj]
D:\CSHARP\studysense-backend\src\SSS.Application\Features\AI\Chat\GetConversations\GetConversationsHandler.cs(11,26): error CS0246: The type or namespace name 'ICurrentUser' could not be found (are you missing a using directive or an assembly reference?) [D:\CSHARP\studysense-backend\src\SSS.Application\SSS.Application.csproj]
D:\CSHARP\studysense-backend\src\SSS.Application\Features\AI\Chat\GetConversations\GetConversationsHandler.cs(15,13): error CS0246: The type or namespace name 'ICurrentUser' could not be found (are you missing a using directive or an assembly reference?) [D:\CSHARP\studysense-backend\src\SSS.Application\SSS.Application.csproj]
D:\CSHARP\studysense-backend\src\SSS.Application\Features\AI\Chat\SendMessage\SendMessageHandler.cs(20,26): error CS0246: The type or namespace name 'ICurrentUser' could not be found (are you missing a using directive or an assembly reference?) [D:\CSHARP\studysense-backend\src\SSS.Application\SSS.Application.csproj]
D:\CSHARP\studysense-backend\src\SSS.Application\Features\AI\Chat\SendMessage\SendMessageHandler.cs(27,13): error CS0246: The type or namespace name 'ICurrentUser' could not be found (are you missing a using directive or an assembly reference?) [D:\CSHARP\studysense-backend\src\SSS.Application\SSS.Application.csproj]
D:\CSHARP\studysense-backend\src\SSS.Application\Features\Surveys\SurveyFieldSemantics\GetSurveyFieldSemanticByQuestion\GetSurveyFieldSemanticByQuestionResult.cs(15,39): warning CS8625: Cannot convert null literal to non-nullable reference type. [D:\CSHARP\studysense-backend\src\SSS.Application\SSS.Application.csproj]
D:\CSHARP\studysense-backend\src\SSS.Application\Features\Surveys\SurveyQuestions\GetQuestionsBySurvey\GetQuestionsBySurveyResult.cs(14,53): warning CS8625: Cannot convert null literal to non-nullable reference type. [D:\CSHARP\studysense-backend\src\SSS.Application\SSS.Application.csproj]
D:\CSHARP\studysense-backend\src\SSS.Application\Features\Surveys\SurveyQuestionOptions\GetSurveyQuestionOptionByQuestion\GetSurveyQuestionOptionByQuestionResult.cs(15,55): warning CS8625: Cannot convert null literal to non-nullable reference type. [D:\CSHARP\studysense-backend\src\SSS.Application\SSS.Application.csproj]
D:\CSHARP\studysense-backend\src\SSS.Application\Features\Surveys\SurveyResponses\GetResponsesOfSurvey\GetResponseOfSurveyResult.cs(14,53): warning CS8625: Cannot convert null literal to non-nullable reference type. [D:\CSHARP\studysense-backend\src\SSS.Application\SSS.Application.csproj]
D:\CSHARP\studysense-backend\src\SSS.Application\Features\Surveys\SurveyTriggerMappings\GetSurveyTriggerMappingById\GetSurveyTriggerMappingByIdResult.cs(15,40): warning CS8625: Cannot convert null literal to non-nullable reference type. [D:\CSHARP\studysense-backend\src\SSS.Application\SSS.Application.csproj]

Build FAILED.

D:\CSHARP\studysense-backend\src\SSS.Application\Features\Surveys\SurveyFieldSemantics\GetSurveyFieldSemanticByQuestion\GetSurveyFieldSemanticByQuestionResult.cs(15,39): warning CS8625: Cannot convert null literal to non-nullable reference type. [D:\CSHARP\studysense-backend\src\SSS.Application\SSS.Application.csproj]
D:\CSHARP\studysense-backend\src\SSS.Application\Features\Surveys\SurveyQuestions\GetQuestionsBySurvey\GetQuestionsBySurveyResult.cs(14,53): warning CS8625: Cannot convert null literal to non-nullable reference type. [D:\CSHARP\studysense-backend\src\SSS.Application\SSS.Application.csproj]
D:\CSHARP\studysense-backend\src\SSS.Application\Features\Surveys\SurveyQuestionOptions\GetSurveyQuestionOptionByQuestion\GetSurveyQuestionOptionByQuestionResult.cs(15,55): warning CS8625: Cannot convert null literal to non-nullable reference type. [D:\CSHARP\studysense-backend\src\SSS.Application\SSS.Application.csproj]
D:\CSHARP\studysense-backend\src\SSS.Application\Features\Surveys\SurveyResponses\GetResponsesOfSurvey\GetResponseOfSurveyResult.cs(14,53): warning CS8625: Cannot convert null literal to non-nullable reference type. [D:\CSHARP\studysense-backend\src\SSS.Application\SSS.Application.csproj]
D:\CSHARP\studysense-backend\src\SSS.Application\Features\Surveys\SurveyTriggerMappings\GetSurveyTriggerMappingById\GetSurveyTriggerMappingByIdResult.cs(15,40): warning CS8625: Cannot convert null literal to non-nullable reference type. [D:\CSHARP\studysense-backend\src\SSS.Application\SSS.Application.csproj]
D:\CSHARP\studysense-backend\src\SSS.Application\Features\AI\Chat\GetConversations\GetConversationsHandler.cs(3,46): error CS0234: The type or namespace name 'Current' does not exist in the namespace 'SSS.Application.Abstractions.Sercurity' (are you missing an assembly reference?) [D:\CSHARP\studysense-backend\src\SSS.Application\SSS.Application.csproj]
D:\CSHARP\studysense-backend\src\SSS.Application\Features\AI\Chat\SendMessage\SendMessageHandler.cs(7,46): error CS0234: The type or namespace name 'Current' does not exist in the namespace 'SSS.Application.Abstractions.Sercurity' (are you missing an assembly reference?) [D:\CSHARP\studysense-backend\src\SSS.Application\SSS.Application.csproj]
D:\CSHARP\studysense-backend\src\SSS.Application\Features\AI\Chat\GetConversations\GetConversationsHandler.cs(11,26): error CS0246: The type or namespace name 'ICurrentUser' could not be found (are you missing a using directive or an assembly reference?) [D:\CSHARP\studysense-backend\src\SSS.Application\SSS.Application.csproj]
D:\CSHARP\studysense-backend\src\SSS.Application\Features\AI\Chat\GetConversations\GetConversationsHandler.cs(15,13): error CS0246: The type or namespace name 'ICurrentUser' could not be found (are you missing a using directive or an assembly reference?) [D:\CSHARP\studysense-backend\src\SSS.Application\SSS.Application.csproj]
D:\CSHARP\studysense-backend\src\SSS.Application\Features\AI\Chat\SendMessage\SendMessageHandler.cs(20,26): error CS0246: The type or namespace name 'ICurrentUser' could not be found (are you missing a using directive or an assembly reference?) [D:\CSHARP\studysense-backend\src\SSS.Application\SSS.Application.csproj]
D:\CSHARP\studysense-backend\src\SSS.Application\Features\AI\Chat\SendMessage\SendMessageHandler.cs(27,13): error CS0246: The type or namespace name 'ICurrentUser' could not be found (are you missing a using directive or an assembly reference?) [D:\CSHARP\studysense-backend\src\SSS.Application\SSS.Application.csproj]
    5 Warning(s)
    6 Error(s)

Time Elapsed 00:00:01.85
